2019-07-31 16:42:24,676 logger DEBUG {"message": "MERGE_JSON_LOG=true", "level": "debug"," Layer1": "layer1 0", "layer2": {"name":"Layer2 1", "tips":"decide by PRESERVE_JSON_LOG"}, "StringNumber":"10", "Number": 10,"foo.bar":"dotstring","{foobar}":"bracestring","[foobar]":"bracket string", "foo:bar":"colonstring", "empty1":"", "empty2":{}}
2019-07-31 16:42:29,679 logger DEBUG {"message": "MERGE_JSON_LOG=true", "level": "debug"," Layer1": "layer1 0", "layer2": {"name":"Layer2 1", "tips":"decide by PRESERVE_JSON_LOG"}, "StringNumber":"10", "Number": 10,"foo.bar":"dotstring","{foobar}":"bracestring","[foobar]":"bracket string", "foo:bar":"colonstring", "empty1":"", "empty2":{}}
2019-07-31 16:42:34,683 logger DEBUG {"message": "MERGE_JSON_LOG=true", "level": "debug"," Layer1": "layer1 0", "layer2": {"name":"Layer2 1", "tips":"decide by PRESERVE_JSON_LOG"}, "StringNumber":"10", "Number": 10,"foo.bar":"dotstring","{foobar}":"bracestring","[foobar]":"bracket string", "foo:bar":"colonstring", "empty1":"", "empty2":{}}
2019-07-31 16:42:39,686 logger DEBUG {"message": "MERGE_JSON_LOG=true", "level": "debug"," Layer1": "layer1 0", "layer2": {"name":"Layer2 1", "tips":"decide by PRESERVE_JSON_LOG"}, "StringNumber":"10", "Number": 10,"foo.bar":"dotstring","{foobar}":"bracestring","[foobar]":"bracket string", "foo:bar":"colonstring", "empty1":"", "empty2":{}}
2019-07-31 16:43:24,923 logger DEBUG {"message": "MERGE_JSON_LOG=true", "level": "debug"," Layer1": "layer1 0", "layer2": {"name":"Layer2 1", "tips":"decide by PRESERVE_JSON_LOG"}, "StringNumber":"10", "Number": 10,"foo.bar":"dotstring","{foobar}":"bracestring","[foobar]":"bracket string", "foo:bar":"colonstring", "empty1":"", "empty2":{}}
2019-07-31 16:43:29,923 logger DEBUG {"message": "MERGE_JSON_LOG=true", "level": "debug"," Layer1": "layer1 0", "layer2": {"name":"Layer2 1", "tips":"decide by PRESERVE_JSON_LOG"}, "StringNumber":"10", "Number": 10,"foo.bar":"dotstring","{foobar}":"bracestring","[foobar]":"bracket string", "foo:bar":"colonstring", "empty1":"", "empty2":{}}
2019-07-31 17:01:50,178 logger DEBUG {"message": "MERGE_JSON_LOG=true", "level": "debug"," Layer1": "layer1 0", "layer2": {"name":"Layer2 1", "tips":"decide by PRESERVE_JSON_LOG"}, "StringNumber":"10", "Number": 10,"foo.bar":"dotstring","{foobar}":"bracestring","[foobar]":"bracket string", "foo:bar":"colonstring", "empty1":"", "empty2":{}}
